exports[`TwoColumn renders 1`] = `
<div
  className="two-column-slide">
  <h1>
    column title
  </h1>
  <table>
    <tbody>
      <tr>
        <td>
          <ul>
            <li>
              col 1
            </li>
          </ul>
        </td>
        <td>
          <ul>
            <li>
              col 2
            </li>
          </ul>
        </td>
      </tr>
    </tbody>
  </table>
</div>
`;
